// Jest Snapshot v1, https://goo.gl/fbAQLP

exports[`Loader renders correctly 1`] = `
<div
  className="sc-htpNat dkBssS"
  height="initial"
>
  <div
    className="sc-bdVaJa jTvGDI"
  />
  <div
    className="sc-bdVaJa TlGMB"
  />
  <div
    className="sc-bdVaJa hGEVbt"
  />
</div>
`;
