// Jest Snapshot v1, https://goo.gl/fbAQLP

exports[`TypeWriter renders correctly 1`] = `
<div
  className="sc-bdVaJa heOQTj"
>
  
  <div
    className="sc-bwzfXH iGKtzh"
  />
</div>
`;
